> Task :compileJava FAILED
1 actionable task: 1 executed
.\gradlew : 
En línea: 1 Carácter: 1
+ .\gradlew 
compileJava > 
build_output.log 2>&1 
; cat build_output.log
+ ~~~~~~~~~~~~~~~~~~~~~
~~~~~~~~~~~~~~~~~~~~~~~
~
    + CategoryInfo     
         : NotSpecifi  
  ed: (:String) [],    
 RemoteException
    + FullyQualifiedEr 
   rorId : NativeComm  
  andError
 
FAILURE: Build failed 
with an exception.

* What went wrong:
Execution failed for 
task ':compileJava'.
> Unable to delete 
directory 'C:\Users\Sam
ir\OneDrive\Desktop\ciu
dadela2\build\classes\j
ava\main'

* Try:
> Run with 
--stacktrace option to 
get the stack trace.
> Run with --info or 
--debug option to get 
more log output.
> Run with --scan to 
get full insights.
> Get more help at http
s://help.gradle.org.

BUILD FAILED in 5s
