> Task :compileJava FAILED
.\gradlew.bat : 
En línea: 1 Carácter: 1
+ .\gradlew.bat build -x test 
> build_errors.log 2>&1
+ ~~~~~~~~~~~~~~~~~~~~~~~~~~~~
~~~~~~~~~~~~~~~~~~~~~~~
    + CategoryInfo          : 
    NotSpecified: (:String)   
  [], RemoteException
    + FullyQualifiedErrorId : 
    NativeCommandError
 
FAILURE: Build failed with an 
exception.

* What went wrong:
Execution failed for task 
':compileJava'.
> Unable to delete directory '
C:\Users\Samir\OneDrive\Deskto
p\ciudadela2\build\classes\jav
a\main'

* Try:
> Run with --stacktrace 
option to get the stack trace.
> Run with --info or --debug 
option to get more log output.
> Run with --scan to get full 
insights.
> Get more help at 
https://help.gradle.org.

BUILD FAILED in 3s
1 actionable task: 1 executed
